nohup: ignoring input
[  2%] Building CXX object CMakeFiles/flashmq.dir/mainapp.cpp.o
[  2%] Building CXX object CMakeFiles/flashmq.dir/utils.cpp.o
[  4%] Building CXX object CMakeFiles/flashmq.dir/threaddata.cpp.o
[  5%] Building CXX object CMakeFiles/flashmq.dir/client.cpp.o
[  7%] Building CXX object CMakeFiles/flashmq.dir/session.cpp.o
[  8%] Building CXX object CMakeFiles/flashmq.dir/mqttpacket.cpp.o
[ 10%] Building CXX object CMakeFiles/flashmq.dir/exceptions.cpp.o
[ 11%] Building CXX object CMakeFiles/flashmq.dir/types.cpp.o
[ 13%] Building CXX object CMakeFiles/flashmq.dir/subscriptionstore.cpp.o
[ 14%] Building CXX object CMakeFiles/flashmq.dir/rwlockguard.cpp.o
[ 16%] Building CXX object CMakeFiles/flashmq.dir/retainedmessage.cpp.o
[ 17%] Building CXX object CMakeFiles/flashmq.dir/cirbuf.cpp.o
[ 19%] Building CXX object CMakeFiles/flashmq.dir/logger.cpp.o
[ 20%] Building CXX object CMakeFiles/flashmq.dir/plugin.cpp.o
[ 22%] Building CXX object CMakeFiles/flashmq.dir/configfileparser.cpp.o
[ 23%] Building CXX object CMakeFiles/flashmq.dir/sslctxmanager.cpp.o
[ 25%] Building CXX object CMakeFiles/flashmq.dir/iowrapper.cpp.o
[ 26%] Building CXX object CMakeFiles/flashmq.dir/mosquittoauthoptcompatwrap.cpp.o
In file included from /usr/include/c++/14/regex:50,
                 from /home/kadir/mqtt-fuzzing/builds/flashmq-asan/configfileparser.h:21,
                 from /home/kadir/mqtt-fuzzing/builds/flashmq-asan/configfileparser.cpp:11:
In constructor ‘std::function<_Res(_ArgTypes ...)>::function(std::function<_Res(_ArgTypes ...)>&&) [with _Res = bool; _ArgTypes = {char}]’,
    inlined from ‘std::__detail::_State<_Char_type>::_State(std::__detail::_State<_Char_type>&&) [with _Char_type = char]’ at /usr/include/c++/14/bits/regex_automaton.h:149:4,
    inlined from ‘std::__detail::_StateIdT std::__detail::_NFA<_TraitsT>::_M_insert_subexpr_end() [with _TraitsT = std::__cxx11::regex_traits<char>]’ at /usr/include/c++/14/bits/regex_automaton.h:290:24:
/usr/include/c++/14/bits/std_function.h:405:42: warning: ‘*(std::function<bool(char)>*)((char*)&__tmp + offsetof(std::__detail::_StateT, std::__detail::_State<char>::<unnamed>.std::__detail::_State_base::<unnamed>)).std::function<bool(char)>::_M_invoker’ may be used uninitialized [-Wmaybe-uninitialized]
  405 |       : _Function_base(), _M_invoker(__x._M_invoker)
      |                                      ~~~~^~~~~~~~~~
In file included from /usr/include/c++/14/regex:65:
/usr/include/c++/14/bits/regex_automaton.h: In member function ‘std::__detail::_StateIdT std::__detail::_NFA<_TraitsT>::_M_insert_subexpr_end() [with _TraitsT = std::__cxx11::regex_traits<char>]’:
/usr/include/c++/14/bits/regex_automaton.h:287:17: note: ‘__tmp’ declared here
  287 |         _StateT __tmp(_S_opcode_subexpr_end);
      |                 ^~~~~
In member function ‘bool std::_Function_base::_M_empty() const’,
    inlined from ‘std::function<_Res(_ArgTypes ...)>::operator bool() const [with _Res = bool; _ArgTypes = {char}]’ at /usr/include/c++/14/bits/std_function.h:574:25,
    inlined from ‘std::function<_Res(_ArgTypes ...)>::function(std::function<_Res(_ArgTypes ...)>&&) [with _Res = bool; _ArgTypes = {char}]’ at /usr/include/c++/14/bits/std_function.h:407:6,
    inlined from ‘std::__detail::_State<_Char_type>::_State(std::__detail::_State<_Char_type>&&) [with _Char_type = char]’ at /usr/include/c++/14/bits/regex_automaton.h:149:4,
    inlined from ‘std::__detail::_StateIdT std::__detail::_NFA<_TraitsT>::_M_insert_subexpr_end() [with _TraitsT = std::__cxx11::regex_traits<char>]’ at /usr/include/c++/14/bits/regex_automaton.h:290:24:
/usr/include/c++/14/bits/std_function.h:247:37: warning: ‘*(const std::_Function_base*)((char*)&__tmp + offsetof(std::__detail::_StateT, std::__detail::_State<char>::<unnamed>.std::__detail::_State_base::<unnamed>)).std::_Function_base::_M_manager’ may be used uninitialized [-Wmaybe-uninitialized]
  247 |     bool _M_empty() const { return !_M_manager; }
      |                                     ^~~~~~~~~~
/usr/include/c++/14/bits/regex_automaton.h: In member function ‘std::__detail::_StateIdT std::__detail::_NFA<_TraitsT>::_M_insert_subexpr_end() [with _TraitsT = std::__cxx11::regex_traits<char>]’:
/usr/include/c++/14/bits/regex_automaton.h:287:17: note: ‘__tmp’ declared here
  287 |         _StateT __tmp(_S_opcode_subexpr_end);
      |                 ^~~~~
[ 27%] Building CXX object CMakeFiles/flashmq.dir/settings.cpp.o
In constructor ‘std::function<_Res(_ArgTypes ...)>::function(std::function<_Res(_ArgTypes ...)>&&) [with _Res = bool; _ArgTypes = {char}]’,
    inlined from ‘std::__detail::_State<_Char_type>::_State(std::__detail::_State<_Char_type>&&) [with _Char_type = char]’ at /usr/include/c++/14/bits/regex_automaton.h:149:4,
    inlined from ‘std::__detail::_StateIdT std::__detail::_NFA<_TraitsT>::_M_insert_subexpr_begin() [with _TraitsT = std::__cxx11::regex_traits<char>]’ at /usr/include/c++/14/bits/regex_automaton.h:281:24:
/usr/include/c++/14/bits/std_function.h:405:42: warning: ‘*(std::function<bool(char)>*)((char*)&__tmp + offsetof(std::__detail::_StateT, std::__detail::_State<char>::<unnamed>.std::__detail::_State_base::<unnamed>)).std::function<bool(char)>::_M_invoker’ may be used uninitialized [-Wmaybe-uninitialized]
  405 |       : _Function_base(), _M_invoker(__x._M_invoker)
      |                                      ~~~~^~~~~~~~~~
/usr/include/c++/14/bits/regex_automaton.h: In member function ‘std::__detail::_StateIdT std::__detail::_NFA<_TraitsT>::_M_insert_subexpr_begin() [with _TraitsT = std::__cxx11::regex_traits<char>]’:
/usr/include/c++/14/bits/regex_automaton.h:279:17: note: ‘__tmp’ declared here
  279 |         _StateT __tmp(_S_opcode_subexpr_begin);
      |                 ^~~~~
In member function ‘bool std::_Function_base::_M_empty() const’,
    inlined from ‘std::function<_Res(_ArgTypes ...)>::operator bool() const [with _Res = bool; _ArgTypes = {char}]’ at /usr/include/c++/14/bits/std_function.h:574:25,
    inlined from ‘std::function<_Res(_ArgTypes ...)>::function(std::function<_Res(_ArgTypes ...)>&&) [with _Res = bool; _ArgTypes = {char}]’ at /usr/include/c++/14/bits/std_function.h:407:6,
    inlined from ‘std::__detail::_State<_Char_type>::_State(std::__detail::_State<_Char_type>&&) [with _Char_type = char]’ at /usr/include/c++/14/bits/regex_automaton.h:149:4,
    inlined from ‘std::__detail::_StateIdT std::__detail::_NFA<_TraitsT>::_M_insert_subexpr_begin() [with _TraitsT = std::__cxx11::regex_traits<char>]’ at /usr/include/c++/14/bits/regex_automaton.h:281:24:
/usr/include/c++/14/bits/std_function.h:247:37: warning: ‘*(const std::_Function_base*)((char*)&__tmp + offsetof(std::__detail::_StateT, std::__detail::_State<char>::<unnamed>.std::__detail::_State_base::<unnamed>)).std::_Function_base::_M_manager’ may be used uninitialized [-Wmaybe-uninitialized]
  247 |     bool _M_empty() const { return !_M_manager; }
      |                                     ^~~~~~~~~~
/usr/include/c++/14/bits/regex_automaton.h: In member function ‘std::__detail::_StateIdT std::__detail::_NFA<_TraitsT>::_M_insert_subexpr_begin() [with _TraitsT = std::__cxx11::regex_traits<char>]’:
/usr/include/c++/14/bits/regex_automaton.h:279:17: note: ‘__tmp’ declared here
  279 |         _StateT __tmp(_S_opcode_subexpr_begin);
      |                 ^~~~~
In constructor ‘std::function<_Res(_ArgTypes ...)>::function(std::function<_Res(_ArgTypes ...)>&&) [with _Res = bool; _ArgTypes = {char}]’,
    inlined from ‘std::__detail::_State<_Char_type>::_State(std::__detail::_State<_Char_type>&&) [with _Char_type = char]’ at /usr/include/c++/14/bits/regex_automaton.h:149:4,
    inlined from ‘std::__detail::_StateIdT std::__detail::_NFA<_TraitsT>::_M_insert_backref(std::size_t) [with _TraitsT = std::__cxx11::regex_traits<char>]’ at /usr/include/c++/14/bits/regex_automaton.tcc:173:29:
/usr/include/c++/14/bits/std_function.h:405:42: warning: ‘*(std::function<bool(char)>*)((char*)&__tmp + offsetof(std::__detail::_StateT, std::__detail::_State<char>::<unnamed>.std::__detail::_State_base::<unnamed>)).std::function<bool(char)>::_M_invoker’ may be used uninitialized [-Wmaybe-uninitialized]
  405 |       : _Function_base(), _M_invoker(__x._M_invoker)
      |                                      ~~~~^~~~~~~~~~
In file included from /usr/include/c++/14/bits/regex_automaton.h:400:
/usr/include/c++/14/bits/regex_automaton.tcc: In member function ‘std::__detail::_StateIdT std::__detail::_NFA<_TraitsT>::_M_insert_backref(std::size_t) [with _TraitsT = std::__cxx11::regex_traits<char>]’:
/usr/include/c++/14/bits/regex_automaton.tcc:171:15: note: ‘__tmp’ declared here
  171 |       _StateT __tmp(_S_opcode_backref);
      |               ^~~~~
In member function ‘bool std::_Function_base::_M_empty() const’,
    inlined from ‘std::function<_Res(_ArgTypes ...)>::operator bool() const [with _Res = bool; _ArgTypes = {char}]’ at /usr/include/c++/14/bits/std_function.h:574:25,
    inlined from ‘std::function<_Res(_ArgTypes ...)>::function(std::function<_Res(_ArgTypes ...)>&&) [with _Res = bool; _ArgTypes = {char}]’ at /usr/include/c++/14/bits/std_function.h:407:6,
    inlined from ‘std::__detail::_State<_Char_type>::_State(std::__detail::_State<_Char_type>&&) [with _Char_type = char]’ at /usr/include/c++/14/bits/regex_automaton.h:149:4,
    inlined from ‘std::__detail::_StateIdT std::__detail::_NFA<_TraitsT>::_M_insert_backref(std::size_t) [with _TraitsT = std::__cxx11::regex_traits<char>]’ at /usr/include/c++/14/bits/regex_automaton.tcc:173:29:
/usr/include/c++/14/bits/std_function.h:247:37: warning: ‘*(const std::_Function_base*)((char*)&__tmp + offsetof(std::__detail::_StateT, std::__detail::_State<char>::<unnamed>.std::__detail::_State_base::<unnamed>)).std::_Function_base::_M_manager’ may be used uninitialized [-Wmaybe-uninitialized]
  247 |     bool _M_empty() const { return !_M_manager; }
      |                                     ^~~~~~~~~~
/usr/include/c++/14/bits/regex_automaton.tcc: In member function ‘std::__detail::_StateIdT std::__detail::_NFA<_TraitsT>::_M_insert_backref(std::size_t) [with _TraitsT = std::__cxx11::regex_traits<char>]’:
/usr/include/c++/14/bits/regex_automaton.tcc:171:15: note: ‘__tmp’ declared here
  171 |       _StateT __tmp(_S_opcode_backref);
      |               ^~~~~
In constructor ‘std::function<_Res(_ArgTypes ...)>::function(std::function<_Res(_ArgTypes ...)>&&) [with _Res = bool; _ArgTypes = {char}]’,
    inlined from ‘std::__detail::_State<_Char_type>::_State(std::__detail::_State<_Char_type>&&) [with _Char_type = char]’ at /usr/include/c++/14/bits/regex_automaton.h:149:4,
    inlined from ‘std::__detail::_StateIdT std::__detail::_NFA<_TraitsT>::_M_insert_repeat(std::__detail::_StateIdT, std::__detail::_StateIdT, bool) [with _TraitsT = std::__cxx11::regex_traits<char>]’ at /usr/include/c++/14/bits/regex_automaton.h:263:24:
/usr/include/c++/14/bits/std_function.h:405:42: warning: ‘*(std::function<bool(char)>*)((char*)&__tmp + offsetof(std::__detail::_StateT, std::__detail::_State<char>::<unnamed>.std::__detail::_State_base::<unnamed>)).std::function<bool(char)>::_M_invoker’ may be used uninitialized [-Wmaybe-uninitialized]
  405 |       : _Function_base(), _M_invoker(__x._M_invoker)
      |                                      ~~~~^~~~~~~~~~
/usr/include/c++/14/bits/regex_automaton.h: In member function ‘std::__detail::_StateIdT std::__detail::_NFA<_TraitsT>::_M_insert_repeat(std::__detail::_StateIdT, std::__detail::_StateIdT, bool) [with _TraitsT = std::__cxx11::regex_traits<char>]’:
/usr/include/c++/14/bits/regex_automaton.h:257:17: note: ‘__tmp’ declared here
  257 |         _StateT __tmp(_S_opcode_repeat);
      |                 ^~~~~
In member function ‘bool std::_Function_base::_M_empty() const’,
    inlined from ‘std::function<_Res(_ArgTypes ...)>::operator bool() const [with _Res = bool; _ArgTypes = {char}]’ at /usr/include/c++/14/bits/std_function.h:574:25,
    inlined from ‘std::function<_Res(_ArgTypes ...)>::function(std::function<_Res(_ArgTypes ...)>&&) [with _Res = bool; _ArgTypes = {char}]’ at /usr/include/c++/14/bits/std_function.h:407:6,
    inlined from ‘std::__detail::_State<_Char_type>::_State(std::__detail::_State<_Char_type>&&) [with _Char_type = char]’ at /usr/include/c++/14/bits/regex_automaton.h:149:4,
    inlined from ‘std::__detail::_StateIdT std::__detail::_NFA<_TraitsT>::_M_insert_repeat(std::__detail::_StateIdT, std::__detail::_StateIdT, bool) [with _TraitsT = std::__cxx11::regex_traits<char>]’ at /usr/include/c++/14/bits/regex_automaton.h:263:24:
/usr/include/c++/14/bits/std_function.h:247:37: warning: ‘*(const std::_Function_base*)((char*)&__tmp + offsetof(std::__detail::_StateT, std::__detail::_State<char>::<unnamed>.std::__detail::_State_base::<unnamed>)).std::_Function_base::_M_manager’ may be used uninitialized [-Wmaybe-uninitialized]
  247 |     bool _M_empty() const { return !_M_manager; }
      |                                     ^~~~~~~~~~
/usr/include/c++/14/bits/regex_automaton.h: In member function ‘std::__detail::_StateIdT std::__detail::_NFA<_TraitsT>::_M_insert_repeat(std::__detail::_StateIdT, std::__detail::_StateIdT, bool) [with _TraitsT = std::__cxx11::regex_traits<char>]’:
/usr/include/c++/14/bits/regex_automaton.h:257:17: note: ‘__tmp’ declared here
  257 |         _StateT __tmp(_S_opcode_repeat);
      |                 ^~~~~
[ 29%] Building CXX object CMakeFiles/flashmq.dir/listener.cpp.o
In constructor ‘std::function<_Res(_ArgTypes ...)>::function(std::function<_Res(_ArgTypes ...)>&&) [with _Res = bool; _ArgTypes = {char}]’,
    inlined from ‘std::__detail::_State<_Char_type>::_State(std::__detail::_State<_Char_type>&&) [with _Char_type = char]’ at /usr/include/c++/14/bits/regex_automaton.h:149:4,
    inlined from ‘std::__detail::_StateIdT std::__detail::_NFA<_TraitsT>::_M_insert_alt(std::__detail::_StateIdT, std::__detail::_StateIdT, bool) [with _TraitsT = std::__cxx11::regex_traits<char>]’ at /usr/include/c++/14/bits/regex_automaton.h:251:24,
    inlined from ‘void std::__detail::_Compiler<_TraitsT>::_M_disjunction() [with _TraitsT = std::__cxx11::regex_traits<char>]’ at /usr/include/c++/14/bits/regex_compiler.tcc:103:18:
/usr/include/c++/14/bits/std_function.h:405:42: warning: ‘*(std::function<bool(char)>*)((char*)&__tmp + offsetof(std::__detail::_StateT, std::__detail::_State<char>::<unnamed>.std::__detail::_State_base::<unnamed>)).std::function<bool(char)>::_M_invoker’ may be used uninitialized [-Wmaybe-uninitialized]
  405 |       : _Function_base(), _M_invoker(__x._M_invoker)
      |                                      ~~~~^~~~~~~~~~
/usr/include/c++/14/bits/regex_automaton.h: In member function ‘void std::__detail::_Compiler<_TraitsT>::_M_disjunction() [with _TraitsT = std::__cxx11::regex_traits<char>]’:
/usr/include/c++/14/bits/regex_automaton.h:246:17: note: ‘__tmp’ declared here
  246 |         _StateT __tmp(_S_opcode_alternative);
      |                 ^~~~~
In member function ‘bool std::_Function_base::_M_empty() const’,
    inlined from ‘std::function<_Res(_ArgTypes ...)>::operator bool() const [with _Res = bool; _ArgTypes = {char}]’ at /usr/include/c++/14/bits/std_function.h:574:25,
    inlined from ‘std::function<_Res(_ArgTypes ...)>::function(std::function<_Res(_ArgTypes ...)>&&) [with _Res = bool; _ArgTypes = {char}]’ at /usr/include/c++/14/bits/std_function.h:407:6,
    inlined from ‘std::__detail::_State<_Char_type>::_State(std::__detail::_State<_Char_type>&&) [with _Char_type = char]’ at /usr/include/c++/14/bits/regex_automaton.h:149:4,
    inlined from ‘std::__detail::_StateIdT std::__detail::_NFA<_TraitsT>::_M_insert_alt(std::__detail::_StateIdT, std::__detail::_StateIdT, bool) [with _TraitsT = std::__cxx11::regex_traits<char>]’ at /usr/include/c++/14/bits/regex_automaton.h:251:24,
    inlined from ‘void std::__detail::_Compiler<_TraitsT>::_M_disjunction() [with _TraitsT = std::__cxx11::regex_traits<char>]’ at /usr/include/c++/14/bits/regex_compiler.tcc:103:18:
/usr/include/c++/14/bits/std_function.h:247:37: warning: ‘*(const std::_Function_base*)((char*)&__tmp + offsetof(std::__detail::_StateT, std::__detail::_State<char>::<unnamed>.std::__detail::_State_base::<unnamed>)).std::_Function_base::_M_manager’ may be used uninitialized [-Wmaybe-uninitialized]
  247 |     bool _M_empty() const { return !_M_manager; }
      |                                     ^~~~~~~~~~
/usr/include/c++/14/bits/regex_automaton.h: In member function ‘void std::__detail::_Compiler<_TraitsT>::_M_disjunction() [with _TraitsT = std::__cxx11::regex_traits<char>]’:
/usr/include/c++/14/bits/regex_automaton.h:246:17: note: ‘__tmp’ declared here
  246 |         _StateT __tmp(_S_opcode_alternative);
      |                 ^~~~~
[ 30%] Building CXX object CMakeFiles/flashmq.dir/unscopedlock.cpp.o
[ 32%] Building CXX object CMakeFiles/flashmq.dir/scopedsocket.cpp.o
In constructor ‘std::function<_Res(_ArgTypes ...)>::function(std::function<_Res(_ArgTypes ...)>&&) [with _Res = bool; _ArgTypes = {char}]’,
    inlined from ‘std::__detail::_State<_Char_type>::_State(std::__detail::_State<_Char_type>&&) [with _Char_type = char]’ at /usr/include/c++/14/bits/regex_automaton.h:149:4,
    inlined from ‘std::__detail::_StateIdT std::__detail::_NFA<_TraitsT>::_M_insert_word_bound(bool) [with _TraitsT = std::__cxx11::regex_traits<char>]’ at /usr/include/c++/14/bits/regex_automaton.h:309:24,
    inlined from ‘bool std::__detail::_Compiler<_TraitsT>::_M_assertion() [with _TraitsT = std::__cxx11::regex_traits<char>]’ at /usr/include/c++/14/bits/regex_compiler.tcc:153:16:
/usr/include/c++/14/bits/std_function.h:405:42: warning: ‘*(std::function<bool(char)>*)((char*)&__tmp + offsetof(std::__detail::_StateT, std::__detail::_State<char>::<unnamed>.std::__detail::_State_base::<unnamed>)).std::function<bool(char)>::_M_invoker’ may be used uninitialized [-Wmaybe-uninitialized]
  405 |       : _Function_base(), _M_invoker(__x._M_invoker)
      |                                      ~~~~^~~~~~~~~~
/usr/include/c++/14/bits/regex_automaton.h: In member function ‘bool std::__detail::_Compiler<_TraitsT>::_M_assertion() [with _TraitsT = std::__cxx11::regex_traits<char>]’:
/usr/include/c++/14/bits/regex_automaton.h:307:17: note: ‘__tmp’ declared here
  307 |         _StateT __tmp(_S_opcode_word_boundary);
      |                 ^~~~~
In member function ‘bool std::_Function_base::_M_empty() const’,
    inlined from ‘std::function<_Res(_ArgTypes ...)>::operator bool() const [with _Res = bool; _ArgTypes = {char}]’ at /usr/include/c++/14/bits/std_function.h:574:25,
    inlined from ‘std::function<_Res(_ArgTypes ...)>::function(std::function<_Res(_ArgTypes ...)>&&) [with _Res = bool; _ArgTypes = {char}]’ at /usr/include/c++/14/bits/std_function.h:407:6,
    inlined from ‘std::__detail::_State<_Char_type>::_State(std::__detail::_State<_Char_type>&&) [with _Char_type = char]’ at /usr/include/c++/14/bits/regex_automaton.h:149:4,
    inlined from ‘std::__detail::_StateIdT std::__detail::_NFA<_TraitsT>::_M_insert_word_bound(bool) [with _TraitsT = std::__cxx11::regex_traits<char>]’ at /usr/include/c++/14/bits/regex_automaton.h:309:24,
    inlined from ‘bool std::__detail::_Compiler<_TraitsT>::_M_assertion() [with _TraitsT = std::__cxx11::regex_traits<char>]’ at /usr/include/c++/14/bits/regex_compiler.tcc:153:16:
/usr/include/c++/14/bits/std_function.h:247:37: warning: ‘*(const std::_Function_base*)((char*)&__tmp + offsetof(std::__detail::_StateT, std::__detail::_State<char>::<unnamed>.std::__detail::_State_base::<unnamed>)).std::_Function_base::_M_manager’ may be used uninitialized [-Wmaybe-uninitialized]
  247 |     bool _M_empty() const { return !_M_manager; }
      |                                     ^~~~~~~~~~
/usr/include/c++/14/bits/regex_automaton.h: In member function ‘bool std::__detail::_Compiler<_TraitsT>::_M_assertion() [with _TraitsT = std::__cxx11::regex_traits<char>]’:
/usr/include/c++/14/bits/regex_automaton.h:307:17: note: ‘__tmp’ declared here
  307 |         _StateT __tmp(_S_opcode_word_boundary);
      |                 ^~~~~
In constructor ‘std::function<_Res(_ArgTypes ...)>::function(std::function<_Res(_ArgTypes ...)>&&) [with _Res = bool; _ArgTypes = {char}]’,
    inlined from ‘std::__detail::_State<_Char_type>::_State(std::__detail::_State<_Char_type>&&) [with _Char_type = char]’ at /usr/include/c++/14/bits/regex_automaton.h:149:4,
    inlined from ‘std::__detail::_StateIdT std::__detail::_NFA<_TraitsT>::_M_insert_lookahead(std::__detail::_StateIdT, bool) [with _TraitsT = std::__cxx11::regex_traits<char>]’ at /usr/include/c++/14/bits/regex_automaton.h:318:24,
    inlined from ‘bool std::__detail::_Compiler<_TraitsT>::_M_assertion() [with _TraitsT = std::__cxx11::regex_traits<char>]’ at /usr/include/c++/14/bits/regex_compiler.tcc:164:8:
/usr/include/c++/14/bits/std_function.h:405:42: warning: ‘*(std::function<bool(char)>*)((char*)&__tmp + offsetof(std::__detail::_StateT, std::__detail::_State<char>::<unnamed>.std::__detail::_State_base::<unnamed>)).std::function<bool(char)>::_M_invoker’ may be used uninitialized [-Wmaybe-uninitialized]
  405 |       : _Function_base(), _M_invoker(__x._M_invoker)
      |                                      ~~~~^~~~~~~~~~
/usr/include/c++/14/bits/regex_automaton.h: In member function ‘bool std::__detail::_Compiler<_TraitsT>::_M_assertion() [with _TraitsT = std::__cxx11::regex_traits<char>]’:
/usr/include/c++/14/bits/regex_automaton.h:315:17: note: ‘__tmp’ declared here
  315 |         _StateT __tmp(_S_opcode_subexpr_lookahead);
      |                 ^~~~~
In member function ‘bool std::_Function_base::_M_empty() const’,
    inlined from ‘std::function<_Res(_ArgTypes ...)>::operator bool() const [with _Res = bool; _ArgTypes = {char}]’ at /usr/include/c++/14/bits/std_function.h:574:25,
    inlined from ‘std::function<_Res(_ArgTypes ...)>::function(std::function<_Res(_ArgTypes ...)>&&) [with _Res = bool; _ArgTypes = {char}]’ at /usr/include/c++/14/bits/std_function.h:407:6,
    inlined from ‘std::__detail::_State<_Char_type>::_State(std::__detail::_State<_Char_type>&&) [with _Char_type = char]’ at /usr/include/c++/14/bits/regex_automaton.h:149:4,
    inlined from ‘std::__detail::_StateIdT std::__detail::_NFA<_TraitsT>::_M_insert_lookahead(std::__detail::_StateIdT, bool) [with _TraitsT = std::__cxx11::regex_traits<char>]’ at /usr/include/c++/14/bits/regex_automaton.h:318:24,
    inlined from ‘bool std::__detail::_Compiler<_TraitsT>::_M_assertion() [with _TraitsT = std::__cxx11::regex_traits<char>]’ at /usr/include/c++/14/bits/regex_compiler.tcc:164:8:
/usr/include/c++/14/bits/std_function.h:247:37: warning: ‘*(const std::_Function_base*)((char*)&__tmp + offsetof(std::__detail::_StateT, std::__detail::_State<char>::<unnamed>.std::__detail::_State_base::<unnamed>)).std::_Function_base::_M_manager’ may be used uninitialized [-Wmaybe-uninitialized]
  247 |     bool _M_empty() const { return !_M_manager; }
      |                                     ^~~~~~~~~~
/usr/include/c++/14/bits/regex_automaton.h: In member function ‘bool std::__detail::_Compiler<_TraitsT>::_M_assertion() [with _TraitsT = std::__cxx11::regex_traits<char>]’:
/usr/include/c++/14/bits/regex_automaton.h:315:17: note: ‘__tmp’ declared here
  315 |         _StateT __tmp(_S_opcode_subexpr_lookahead);
      |                 ^~~~~
[ 33%] Building CXX object CMakeFiles/flashmq.dir/bindaddr.cpp.o
[ 35%] Building CXX object CMakeFiles/flashmq.dir/oneinstancelock.cpp.o
[ 36%] Building CXX object CMakeFiles/flashmq.dir/evpencodectxmanager.cpp.o
[ 38%] Building CXX object CMakeFiles/flashmq.dir/acltree.cpp.o
[ 39%] Building CXX object CMakeFiles/flashmq.dir/threadlocalutils.cpp.o
[ 41%] Building CXX object CMakeFiles/flashmq.dir/flashmq_plugin.cpp.o
[ 42%] Building CXX object CMakeFiles/flashmq.dir/retainedmessagesdb.cpp.o
[ 44%] Building CXX object CMakeFiles/flashmq.dir/persistencefile.cpp.o
[ 45%] Building CXX object CMakeFiles/flashmq.dir/sessionsandsubscriptionsdb.cpp.o
[ 47%] Building CXX object CMakeFiles/flashmq.dir/qospacketqueue.cpp.o
[ 48%] Building CXX object CMakeFiles/flashmq.dir/threadglobals.cpp.o
[ 50%] Building CXX object CMakeFiles/flashmq.dir/threadloop.cpp.o
[ 51%] Building CXX object CMakeFiles/flashmq.dir/publishcopyfactory.cpp.o
[ 52%] Building CXX object CMakeFiles/flashmq.dir/variablebyteint.cpp.o
[ 54%] Building CXX object CMakeFiles/flashmq.dir/mqtt5properties.cpp.o
[ 57%] Building CXX object CMakeFiles/flashmq.dir/derivablecounter.cpp.o
[ 57%] Building CXX object CMakeFiles/flashmq.dir/globalstats.cpp.o
[ 58%] Building CXX object CMakeFiles/flashmq.dir/packetdatatypes.cpp.o
[ 60%] Building CXX object CMakeFiles/flashmq.dir/haproxy.cpp.o
[ 61%] Building CXX object CMakeFiles/flashmq.dir/network.cpp.o
[ 63%] Building CXX object CMakeFiles/flashmq.dir/subscription.cpp.o
[ 64%] Building CXX object CMakeFiles/flashmq.dir/sharedsubscribers.cpp.o
[ 66%] Building CXX object CMakeFiles/flashmq.dir/pluginloader.cpp.o
[ 67%] Building CXX object CMakeFiles/flashmq.dir/queuedtasks.cpp.o
[ 69%] Building CXX object CMakeFiles/flashmq.dir/acksender.cpp.o
[ 70%] Building CXX object CMakeFiles/flashmq.dir/bridgeconfig.cpp.o
[ 72%] Building CXX object CMakeFiles/flashmq.dir/dnsresolver.cpp.o
[ 73%] Building CXX object CMakeFiles/flashmq.dir/bridgeinfodb.cpp.o
[ 75%] Building CXX object CMakeFiles/flashmq.dir/globber.cpp.o
[ 76%] Building CXX object CMakeFiles/flashmq.dir/x509manager.cpp.o
[ 77%] Building CXX object CMakeFiles/flashmq.dir/backgroundworker.cpp.o
[ 79%] Building CXX object CMakeFiles/flashmq.dir/fmqmain.cpp.o
[ 80%] Building CXX object CMakeFiles/flashmq.dir/driftcounter.cpp.o
[ 82%] Building CXX object CMakeFiles/flashmq.dir/lockedweakptr.cpp.o
[ 83%] Building CXX object CMakeFiles/flashmq.dir/globals.cpp.o
[ 85%] Building CXX object CMakeFiles/flashmq.dir/nocopy.cpp.o
[ 86%] Building CXX object CMakeFiles/flashmq.dir/fdmanaged.cpp.o
[ 88%] Building CXX object CMakeFiles/flashmq.dir/http.cpp.o
[ 89%] Building CXX object CMakeFiles/flashmq.dir/fmqsockaddr.cpp.o
[ 91%] Building CXX object CMakeFiles/flashmq.dir/fmqssl.cpp.o
[ 92%] Building CXX object CMakeFiles/flashmq.dir/persistencefunctions.cpp.o
[ 94%] Building CXX object CMakeFiles/flashmq.dir/clientacceptqueue.cpp.o
[ 95%] Building CXX object CMakeFiles/flashmq.dir/sdnotify.cpp.o
[ 97%] Building CXX object CMakeFiles/flashmq.dir/usedids.cpp.o
[ 98%] Building CXX object CMakeFiles/flashmq.dir/main.cpp.o
[100%] Linking CXX executable flashmq
[100%] Built target flashmq
